// Jest Snapshot v1, https://goo.gl/fbAQLP

exports[`Header component renders Header 1`] = `
<DocumentFragment>
  <header>
    <h1
      style="text-align: center;"
    >
      News Search
    </h1>
    <form>
      <input
        placeholder="Search for articles..."
      />
    </form>
  </header>
</DocumentFragment>
`;
